Unable to find image 'rust:1.93' locally
1.93: Pulling from library/rust
1c865d8e55e6: Pulling fs layer
95da832d1713: Pulling fs layer
ac9148dc57ca: Pulling fs layer
f0c46eec5989: Pulling fs layer
201c8c69ba46: Pulling fs layer
2f7c46dae983: Download complete
95da832d1713: Download complete
11b62ca92772: Download complete
f0c46eec5989: Download complete
ac9148dc57ca: Download complete
ac9148dc57ca: Pull complete
95da832d1713: Pull complete
f0c46eec5989: Pull complete
1c865d8e55e6: Download complete
201c8c69ba46: Download complete
201c8c69ba46: Pull complete
1c865d8e55e6: Pull complete
Digest: sha256:ecbe59a8408895edd02d9ef422504b8501dd9fa1526de27a45b73406d734d659
Status: Downloaded newer image for rust:1.93
rustc 1.93.1 (01f6ddf75 2026-02-11)
aarch64
ldd (Debian GLIBC 2.41-12+deb13u1) 2.41
done-arm64
