chromium 153.0.8010.12
{
 "variant": "none",
 "elapsedMs": 10071,
 "frames": 0,
 "wakes": 0,
 "msgs": 0,
 "seqErrors": 0,
 "maxDrainPerFrame": 0,
 "ringDrops": 0,
 "heapUsedBefore": 682936,
 "heapUsedAfter": 682936,
 "heapGrowthBytes": 0,
 "bytesPerFrame": null,
 "bytesPerMsg": null,
 "heapDecreasesSeen": 0,
 "mainThreadGC": {},
 "workerThreadGC": {},
 "otherGC": {},
 "errors": [],
 "sampling": {
  "sampledTotalBytes": 0,
  "top": []
 }
}
{
 "variant": "none",
 "elapsedMs": 10045,
 "frames": 0,
 "wakes": 0,
 "msgs": 0,
 "seqErrors": 0,
 "maxDrainPerFrame": 0,
 "ringDrops": 0,
 "heapUsedBefore": 682936,
 "heapUsedAfter": 682936,
 "heapGrowthBytes": 0,
 "bytesPerFrame": null,
 "bytesPerMsg": null,
 "heapDecreasesSeen": 0,
 "mainThreadGC": {},
 "workerThreadGC": {},
 "otherGC": {},
 "errors": [],
 "sampling": {
  "sampledTotalBytes": 0,
  "top": []
 }
}
{
 "variant": "raf",
 "elapsedMs": 10043,
 "frames": 603,
 "wakes": 0,
 "msgs": 0,
 "seqErrors": 0,
 "maxDrainPerFrame": 0,
 "ringDrops": 0,
 "heapUsedBefore": 685060,
 "heapUsedAfter": 692348,
 "heapGrowthBytes": 7288,
 "bytesPerFrame": 12.1,
 "bytesPerMsg": null,
 "heapDecreasesSeen": 0,
 "mainThreadGC": {},
 "workerThreadGC": {},
 "otherGC": {},
 "errors": [],
 "sampling": {
  "sampledTotalBytes": 8364,
  "top": [
   "8280 B  (IDLE_EXTERNAL) @ (native):-1",
   "84 B  h @ bench-BpI6GM0d.js:0"
  ]
 }
}
{
 "variant": "raf",
 "elapsedMs": 10045,
 "frames": 602,
 "wakes": 0,
 "msgs": 0,
 "seqErrors": 0,
 "maxDrainPerFrame": 0,
 "ringDrops": 0,
 "heapUsedBefore": 684260,
 "heapUsedAfter": 692336,
 "heapGrowthBytes": 8076,
 "bytesPerFrame": 13.4,
 "bytesPerMsg": null,
 "heapDecreasesSeen": 0,
 "mainThreadGC": {},
 "workerThreadGC": {},
 "otherGC": {},
 "errors": [],
 "sampling": {
  "sampledTotalBytes": 7544,
  "top": [
   "7376 B  (IDLE_EXTERNAL) @ (native):-1",
   "168 B  h @ bench-BpI6GM0d.js:0"
  ]
 }
}
{
 "variant": "sab",
 "elapsedMs": 10052,
 "frames": 604,
 "wakes": 0,
 "msgs": 6290,
 "seqErrors": 0,
 "maxDrainPerFrame": 20,
 "ringDrops": 0,
 "heapUsedBefore": 719536,
 "heapUsedAfter": 727608,
 "heapGrowthBytes": 8072,
 "bytesPerFrame": 13.4,
 "bytesPerMsg": 1.3,
 "heapDecreasesSeen": 0,
 "mainThreadGC": {},
 "workerThreadGC": {},
 "otherGC": {},
 "errors": [],
 "sampling": {
  "sampledTotalBytes": 6896,
  "top": [
   "6812 B  (IDLE_EXTERNAL) @ (native):-1",
   "84 B  e @ bench-BpI6GM0d.js:0"
  ]
 }
}
{
 "variant": "sab",
 "elapsedMs": 10048,
 "frames": 603,
 "wakes": 0,
 "msgs": 6280,
 "seqErrors": 0,
 "maxDrainPerFrame": 20,
 "ringDrops": 0,
 "heapUsedBefore": 719524,
 "heapUsedAfter": 727632,
 "heapGrowthBytes": 8108,
 "bytesPerFrame": 13.4,
 "bytesPerMsg": 1.3,
 "heapDecreasesSeen": 0,
 "mainThreadGC": {},
 "workerThreadGC": {},
 "otherGC": {},
 "errors": [],
 "sampling": {
  "sampledTotalBytes": 7248,
  "top": [
   "7164 B  (IDLE_EXTERNAL) @ (native):-1",
   "84 B  e @ bench-BpI6GM0d.js:0"
  ]
 }
}
{
 "variant": "waitasync",
 "elapsedMs": 10101,
 "frames": 0,
 "wakes": 630,
 "msgs": 6300,
 "seqErrors": 0,
 "maxDrainPerFrame": 10,
 "ringDrops": 0,
 "heapUsedBefore": 727156,
 "heapUsedAfter": 822916,
 "heapGrowthBytes": 95760,
 "bytesPerFrame": null,
 "bytesPerMsg": 15.2,
 "heapDecreasesSeen": 0,
 "mainThreadGC": {},
 "workerThreadGC": {},
 "otherGC": {},
 "errors": [],
 "sampling": {
  "sampledTotalBytes": 96340,
  "top": [
   "58088 B  e @ bench-BpI6GM0d.js:0",
   "37580 B  (IDLE_EXTERNAL) @ (native):-1",
   "388 B  t @ bench-BpI6GM0d.js:0",
   "284 B  then @ (native):-1"
  ]
 }
}
{
 "variant": "waitasync",
 "elapsedMs": 10052,
 "frames": 0,
 "wakes": 629,
 "msgs": 6290,
 "seqErrors": 0,
 "maxDrainPerFrame": 10,
 "ringDrops": 0,
 "heapUsedBefore": 727156,
 "heapUsedAfter": 822612,
 "heapGrowthBytes": 95456,
 "bytesPerFrame": null,
 "bytesPerMsg": 15.2,
 "heapDecreasesSeen": 0,
 "mainThreadGC": {},
 "workerThreadGC": {},
 "otherGC": {},
 "errors": [],
 "sampling": {
  "sampledTotalBytes": 99052,
  "top": [
   "59776 B  e @ bench-BpI6GM0d.js:0",
   "37980 B  (IDLE_EXTERNAL) @ (native):-1",
   "684 B  then @ (native):-1",
   "612 B  t @ bench-BpI6GM0d.js:0"
  ]
 }
}
{
 "variant": "pm-object",
 "elapsedMs": 10046,
 "frames": 603,
 "wakes": 0,
 "msgs": 6280,
 "seqErrors": 0,
 "maxDrainPerFrame": 0,
 "ringDrops": 0,
 "heapUsedBefore": 753944,
 "heapUsedAfter": 1445872,
 "heapGrowthBytes": 691928,
 "bytesPerFrame": 1147.5,
 "bytesPerMsg": 110.2,
 "heapDecreasesSeen": 1,
 "mainThreadGC": {
  "MinorGC": 1,
  "V8.GCScavenger": 1,
  "V8.GC_SCAVENGER": 1
 },
 "workerThreadGC": {},
 "otherGC": {},
 "errors": [],
 "sampling": {
  "sampledTotalBytes": 1125708,
  "top": [
   "1014384 B  g.onmessage @ bench-BpI6GM0d.js:0",
   "103728 B  (V8 API) @ (native):-1",
   "7512 B  (IDLE_EXTERNAL) @ (native):-1",
   "84 B  h @ bench-BpI6GM0d.js:0"
  ]
 }
}
{
 "variant": "pm-object",
 "elapsedMs": 10081,
 "frames": 605,
 "wakes": 0,
 "msgs": 6300,
 "seqErrors": 0,
 "maxDrainPerFrame": 0,
 "ringDrops": 0,
 "heapUsedBefore": 753928,
 "heapUsedAfter": 1426040,
 "heapGrowthBytes": 672112,
 "bytesPerFrame": 1110.9,
 "bytesPerMsg": 106.7,
 "heapDecreasesSeen": 1,
 "mainThreadGC": {
  "MinorGC": 1,
  "V8.GCScavenger": 1,
  "V8.GC_SCAVENGER": 1
 },
 "workerThreadGC": {},
 "otherGC": {},
 "errors": [],
 "sampling": {
  "sampledTotalBytes": 1142088,
  "top": [
   "1032800 B  g.onmessage @ bench-BpI6GM0d.js:0",
   "101920 B  (V8 API) @ (native):-1",
   "7368 B  (IDLE_EXTERNAL) @ (native):-1"
  ]
 }
}
{
 "variant": "pm-transfer",
 "elapsedMs": 10083,
 "frames": 605,
 "wakes": 0,
 "msgs": 6310,
 "seqErrors": 0,
 "maxDrainPerFrame": 0,
 "ringDrops": 0,
 "heapUsedBefore": 785368,
 "heapUsedAfter": 1232512,
 "heapGrowthBytes": 447144,
 "bytesPerFrame": 739.1,
 "bytesPerMsg": 70.9,
 "heapDecreasesSeen": 3,
 "mainThreadGC": {
  "MinorGC": 2,
  "V8.GCScavenger": 2,
  "V8.GC_SCAVENGER": 2,
  "V8.GCIncrementalMarking": 4,
  "MajorGC": 1,
  "V8.GCFinalizeMC": 1,
  "V8.GC_MARK_COMPACTOR": 1
 },
 "workerThreadGC": {
  "MinorGC": 2,
  "V8.GCScavenger": 2,
  "V8.GC_SCAVENGER": 2
 },
 "otherGC": {},
 "errors": [],
 "sampling": {
  "sampledTotalBytes": 1721044,
  "top": [
   "1610372 B  g.onmessage @ bench-BpI6GM0d.js:0",
   "103008 B  (V8 API) @ (native):-1",
   "7664 B  (IDLE_EXTERNAL) @ (native):-1"
  ]
 }
}
{
 "variant": "pm-transfer",
 "elapsedMs": 10083,
 "frames": 605,
 "wakes": 0,
 "msgs": 6310,
 "seqErrors": 0,
 "maxDrainPerFrame": 0,
 "ringDrops": 0,
 "heapUsedBefore": 784552,
 "heapUsedAfter": 1235232,
 "heapGrowthBytes": 450680,
 "bytesPerFrame": 744.9,
 "bytesPerMsg": 71.4,
 "heapDecreasesSeen": 3,
 "mainThreadGC": {
  "MinorGC": 2,
  "V8.GCScavenger": 2,
  "V8.GC_SCAVENGER": 2,
  "V8.GCIncrementalMarking": 2,
  "MajorGC": 1,
  "V8.GCFinalizeMC": 1,
  "V8.GC_MARK_COMPACTOR": 1
 },
 "workerThreadGC": {
  "MinorGC": 2,
  "V8.GCScavenger": 2,
  "V8.GC_SCAVENGER": 2
 },
 "otherGC": {},
 "errors": [],
 "sampling": {
  "sampledTotalBytes": 1732280,
  "top": [
   "1618988 B  g.onmessage @ bench-BpI6GM0d.js:0",
   "106480 B  (V8 API) @ (native):-1",
   "6812 B  (IDLE_EXTERNAL) @ (native):-1"
  ]
 }
}
{
 "variant": "pm-transfer-pool",
 "elapsedMs": 10104,
 "frames": 607,
 "wakes": 0,
 "msgs": 6320,
 "seqErrors": 0,
 "maxDrainPerFrame": 0,
 "ringDrops": 0,
 "heapUsedBefore": 801068,
 "heapUsedAfter": 1342884,
 "heapGrowthBytes": 541816,
 "bytesPerFrame": 892.6,
 "bytesPerMsg": 85.7,
 "heapDecreasesSeen": 3,
 "mainThreadGC": {
  "MinorGC": 3,
  "V8.GCScavenger": 3,
  "V8.GC_SCAVENGER": 3
 },
 "workerThreadGC": {
  "MinorGC": 4,
  "V8.GCScavenger": 4,
  "V8.GC_SCAVENGER": 4
 },
 "otherGC": {},
 "errors": [],
 "sampling": {
  "sampledTotalBytes": 2048212,
  "top": [
   "1937136 B  g.onmessage @ bench-BpI6GM0d.js:0",
   "103216 B  (V8 API) @ (native):-1",
   "7860 B  (IDLE_EXTERNAL) @ (native):-1"
  ]
 }
}
{
 "variant": "pm-transfer-pool",
 "elapsedMs": 10053,
 "frames": 603,
 "wakes": 0,
 "msgs": 6290,
 "seqErrors": 0,
 "maxDrainPerFrame": 0,
 "ringDrops": 0,
 "heapUsedBefore": 797932,
 "heapUsedAfter": 1342684,
 "heapGrowthBytes": 544752,
 "bytesPerFrame": 903.4,
 "bytesPerMsg": 86.6,
 "heapDecreasesSeen": 3,
 "mainThreadGC": {
  "MinorGC": 3,
  "V8.GCScavenger": 3,
  "V8.GC_SCAVENGER": 3
 },
 "workerThreadGC": {
  "MinorGC": 4,
  "V8.GCScavenger": 4,
  "V8.GC_SCAVENGER": 4
 },
 "otherGC": {},
 "errors": [],
 "sampling": {
  "sampledTotalBytes": 2037472,
  "top": [
   "1931000 B  g.onmessage @ bench-BpI6GM0d.js:0",
   "99024 B  (V8 API) @ (native):-1",
   "7448 B  (IDLE_EXTERNAL) @ (native):-1"
  ]
 }
}
{
 "variant": "garbage",
 "elapsedMs": 10067,
 "frames": 605,
 "wakes": 0,
 "msgs": 0,
 "seqErrors": 0,
 "maxDrainPerFrame": 0,
 "ringDrops": 0,
 "heapUsedBefore": 1032220,
 "heapUsedAfter": 675056,
 "heapGrowthBytes": -357164,
 "bytesPerFrame": -590.4,
 "bytesPerMsg": null,
 "heapDecreasesSeen": 0,
 "mainThreadGC": {
  "MinorGC": 103,
  "V8.GCScavenger": 103,
  "V8.GC_SCAVENGER": 103
 },
 "workerThreadGC": {},
 "otherGC": {},
 "errors": [],
 "sampling": {
  "sampledTotalBytes": 90027628,
  "top": [
   "90020180 B  e @ bench-BpI6GM0d.js:0",
   "7448 B  (IDLE_EXTERNAL) @ (native):-1"
  ]
 }
}
{
 "variant": "garbage",
 "elapsedMs": 10031,
 "frames": 602,
 "wakes": 0,
 "msgs": 0,
 "seqErrors": 0,
 "maxDrainPerFrame": 0,
 "ringDrops": 0,
 "heapUsedBefore": 684284,
 "heapUsedAfter": 1037192,
 "heapGrowthBytes": 352908,
 "bytesPerFrame": 586.2,
 "bytesPerMsg": null,
 "heapDecreasesSeen": 0,
 "mainThreadGC": {
  "MinorGC": 102,
  "V8.GCScavenger": 102,
  "V8.GC_SCAVENGER": 102
 },
 "workerThreadGC": {},
 "otherGC": {},
 "errors": [],
 "sampling": {
  "sampledTotalBytes": 90028480,
  "top": [
   "90019904 B  e @ bench-BpI6GM0d.js:0",
   "8576 B  (IDLE_EXTERNAL) @ (native):-1"
  ]
 }
}
